var a;
var b;
var c;
var d;
const z = 3;
a := 21;
ecrire 21;
b := 77;
ecrire 77;