# Option incorrecte : -e
# Lancement du programme en mode normal.
