l'identificateur d n'a pas ete declaree (comme variable).